// Jest Snapshot v1, https://goo.gl/fbAQLP

exports[`<Register> should match the snapshot 1`] = `
<form
  onSubmit={[Function]}
>
  <input
    className="form-control"
    id="firstname"
    name="firstname"
    onChange={[Function]}
    type="text"
    value=""
  />
  <input
    className="form-control"
    id="lastname"
    name="lastname"
    onChange={[Function]}
    type="text"
    value=""
  />
  <input
    className="form-control"
    id="email"
    name="email"
    onChange={[Function]}
    type="email"
    value=""
  />
  <button
    className="btn btn-primary form-control"
    type="submit"
  >
    Submit
  </button>
</form>
`;
