// Jest Snapshot v1, https://goo.gl/fbAQLP

exports[`MyComponent should match the snapshot 1`] = `
<div>
  <p>
    Count: 
    0
  </p>
  <button
    onClick={[Function]}
  >
    Increment Count
  </button>
</div>
`;
